\BOOKMARK [0][-]{chapter.1}{\376\377\000I\000n\000t\000r\000o\000d\000u\000\347\000\343\000o}{}% 1
\BOOKMARK [1][-]{section.1.1}{\376\377\000A\000p\000r\000e\000s\000e\000n\000t\000a\000\347\000\343\000o\000\040\000d\000o\000\040\000t\000e\000m\000a}{chapter.1}% 2
\BOOKMARK [1][-]{section.1.2}{\376\377\000J\000u\000s\000t\000i\000f\000i\000c\000a\000t\000i\000v\000a}{chapter.1}% 3
\BOOKMARK [0][-]{chapter.2}{\376\377\000R\000e\000v\000i\000s\000\343\000o\000\040\000d\000a\000\040\000l\000i\000t\000e\000r\000a\000t\000u\000r\000a}{}% 4
\BOOKMARK [1][-]{section.2.1}{\376\377\000F\000u\000n\000d\000a\000m\000e\000n\000t\000o\000s\000\040\000d\000a\000\040\000g\000e\000s\000t\000\343\000o\000\040\000d\000e\000\040\000r\000e\000c\000e\000i\000t\000a\000s\000\040\000\050\000R\000M\000\051}{chapter.2}% 5
\BOOKMARK [2][-]{subsection.2.1.1}{\376\377\000D\000e\000f\000i\000n\000i\000\347\000\343\000o\000\040\000e\000\040\000i\000m\000p\000o\000r\000t\000\342\000n\000c\000i\000a}{section.2.1}% 6
\BOOKMARK [2][-]{subsection.2.1.2}{\376\377\000H\000i\000s\000t\000\363\000r\000i\000c\000o\000\040\000e\000\040\000e\000v\000o\000l\000u\000\347\000\343\000o}{section.2.1}% 7
\BOOKMARK [1][-]{section.2.2}{\376\377\000T\000r\000a\000n\000s\000p\000o\000r\000t\000e\000\040\000F\000e\000r\000r\000o\000v\000i\000\341\000r\000i\000o\000\040\000d\000e\000\040\000P\000a\000s\000s\000a\000g\000e\000i\000r\000o\000s}{chapter.2}% 8
\BOOKMARK [2][-]{subsection.2.2.1}{\376\377\000\301\000r\000e\000a\000s\000\040\000d\000e\000\040\000p\000e\000s\000q\000u\000i\000s\000a}{section.2.2}% 9
\BOOKMARK [2][-]{subsection.2.2.2}{\376\377\000C\000o\000n\000t\000r\000o\000l\000e\000\040\000d\000e\000\040\000i\000n\000v\000e\000n\000t\000\341\000r\000i\000o}{section.2.2}% 10
\BOOKMARK [2][-]{subsection.2.2.3}{\376\377\000M\000o\000d\000e\000l\000a\000g\000e\000m\000\040\000d\000a\000\040\000d\000e\000m\000a\000n\000d\000a}{section.2.2}% 11
\BOOKMARK [1][-]{section.2.3}{\376\377\000A\000p\000l\000i\000c\000a\000\347\000\343\000o\000\040\000d\000e\000\040\000R\000M\000\040\000a\000o\000\040\000t\000r\000a\000n\000s\000p\000o\000r\000t\000e\000\040\000f\000e\000r\000r\000o\000v\000i\000\341\000r\000i\000o\000\040\000d\000e\000\040\000p\000a\000s\000s\000a\000g\000e\000i\000r\000o\000s}{chapter.2}% 12
\BOOKMARK [1][-]{section.2.4}{\376\377\000O\000u\000t\000r\000a\000s\000\040\000a\000p\000l\000i\000c\000a\000\347\000\365\000e\000s\000\040\000i\000n\000d\000u\000s\000t\000r\000i\000a\000i\000s\000\040\000d\000e\000\040\000R\000M}{chapter.2}% 13
\BOOKMARK [2][-]{subsection.2.4.1}{\376\377\000A\000v\000i\000a\000\347\000\343\000o}{section.2.4}% 14
\BOOKMARK [2][-]{subsection.2.4.2}{\376\377\000H\000o\000t\000e\000l\000a\000r\000i\000a}{section.2.4}% 15
\BOOKMARK [1][-]{section.2.5}{\376\377\000C\000o\000n\000t\000e\000x\000t\000u\000a\000l\000i\000z\000a\000\347\000\343\000o\000\040\000d\000e\000s\000t\000a\000\040\000p\000e\000s\000q\000u\000i\000s\000a}{chapter.2}% 16
\BOOKMARK [0][-]{chapter.3}{\376\377\000M\000o\000d\000e\000l\000a\000g\000e\000m\000\040\000m\000a\000t\000e\000m\000\341\000t\000i\000c\000a\000\040}{}% 17
\BOOKMARK [1][-]{section.3.1}{\376\377\000C\000o\000n\000c\000e\000i\000t\000o\000s\000\040\000i\000m\000p\000o\000r\000t\000a\000n\000t\000e\000s}{chapter.3}% 18
\BOOKMARK [1][-]{section.3.2}{\376\377\000D\000e\000s\000c\000r\000i\000\347\000\343\000o\000\040\000d\000o\000\040\000p\000r\000o\000b\000l\000e\000m\000a}{chapter.3}% 19
\BOOKMARK [1][-]{section.3.3}{\376\377\000F\000o\000r\000m\000u\000l\000a\000\347\000\343\000o\000\040\000m\000a\000t\000e\000m\000\341\000t\000i\000c\000a}{chapter.3}% 20
\BOOKMARK [1][-]{section.3.4}{\376\377\000A\000b\000o\000r\000d\000a\000g\000e\000m\000\040\000d\000o\000s\000\040\000m\000o\000d\000e\000l\000o\000s\000\040\000p\000r\000o\000p\000o\000s\000t\000o\000s}{chapter.3}% 21
\BOOKMARK [2][-]{subsection.3.4.1}{\376\377\000P\000r\000i\000m\000e\000i\000r\000a\000\040\000a\000b\000o\000r\000d\000a\000g\000e\000m\000:\000\040\000m\000o\000d\000e\000l\000o\000s\000\040\000c\000o\000m\000\040\000a\000u\000t\000o\000r\000i\000z\000a\000\347\000\365\000e\000s\000\040\000e\000s\000t\000\341\000t\000i\000c\000a\000s\000\040\000e\000\040\000d\000e\000m\000a\000n\000d\000a\000\040\000i\000n\000d\000e\000p\000e\000n\000d\000e\000n\000t\000e}{section.3.4}% 22
\BOOKMARK [2][-]{subsection.3.4.2}{\376\377\000S\000e\000g\000u\000n\000d\000a\000\040\000a\000b\000o\000r\000d\000a\000g\000e\000m\000:\000\040\000m\000o\000d\000e\000l\000o\000s\000\040\000c\000o\000m\000\040\000a\000u\000t\000o\000r\000i\000z\000a\000\347\000\365\000e\000s\000\040\000e\000s\000t\000\341\000t\000i\000c\000a\000s\000\040\000e\000\040\000d\000e\000m\000a\000n\000d\000a\000\040\000c\000o\000m\000p\000o\000r\000t\000a\000m\000e\000n\000t\000a\000l}{section.3.4}% 23
\BOOKMARK [2][-]{subsection.3.4.3}{\376\377\000T\000e\000r\000c\000e\000i\000r\000a\000\040\000a\000b\000o\000r\000d\000a\000g\000e\000m\000:\000\040\000m\000o\000d\000e\000l\000o\000s\000\040\000c\000o\000m\000\040\000a\000u\000t\000o\000r\000i\000z\000a\000\347\000\365\000e\000s\000\040\000d\000i\000n\000\342\000m\000i\000c\000a\000s\000\040\000e\000\040\000d\000e\000m\000a\000n\000d\000a\000\040\000i\000n\000d\000e\000p\000e\000n\000d\000e\000n\000t\000e}{section.3.4}% 24
\BOOKMARK [2][-]{subsection.3.4.4}{\376\377\000Q\000u\000a\000r\000t\000a\000\040\000a\000b\000o\000r\000d\000a\000g\000e\000m\000:\000\040\000m\000o\000d\000e\000l\000o\000s\000\040\000c\000o\000m\000\040\000a\000u\000t\000o\000r\000i\000z\000a\000\347\000\365\000e\000s\000\040\000d\000i\000n\000\342\000m\000i\000c\000a\000s\000\040\000e\000\040\000d\000e\000m\000a\000n\000d\000a\000\040\000c\000o\000m\000p\000o\000r\000t\000a\000m\000e\000n\000t\000a\000l}{section.3.4}% 25
\BOOKMARK [0][-]{chapter.4}{\376\377\000A\000n\000\341\000l\000i\000s\000e\000\040\000e\000\040\000r\000e\000s\000u\000l\000t\000a\000d\000o\000s\000\040\000c\000o\000m\000p\000u\000t\000a\000c\000i\000o\000n\000a\000i\000s}{}% 26
\BOOKMARK [1][-]{section.4.1}{\376\377\000I\000n\000s\000t\000\342\000n\000c\000i\000a\000s}{chapter.4}% 27
\BOOKMARK [1][-]{section.4.2}{\376\377\000F\000e\000r\000r\000a\000m\000e\000n\000t\000a\000s\000\040\000e\000\040\000a\000m\000b\000i\000e\000n\000t\000e\000\040\000c\000o\000m\000p\000u\000t\000a\000c\000i\000o\000n\000a\000l}{chapter.4}% 28
\BOOKMARK [1][-]{section.4.3}{\376\377\000A\000n\000\341\000l\000i\000s\000e\000\040\000p\000o\000r\000\040\000a\000b\000o\000r\000d\000a\000g\000e\000m}{chapter.4}% 29
\BOOKMARK [1][-]{section.4.4}{\376\377\000C\000o\000m\000p\000a\000r\000a\000\347\000\343\000o\000\040\000e\000n\000t\000r\000e\000\040\000m\000o\000d\000e\000l\000o\000s}{chapter.4}% 30
\BOOKMARK [1][-]{section.4.5}{\376\377\000Q\000u\000a\000n\000t\000i\000d\000a\000d\000e\000\040\000d\000e\000\040\000s\000o\000l\000u\000\347\000\365\000e\000s}{chapter.4}% 31
\BOOKMARK [1][-]{section.4.6}{\376\377\000M\000\351\000t\000r\000i\000c\000a\000s\000\040\000d\000e\000\040\000A\000v\000a\000l\000i\000a\000\347\000\343\000o}{chapter.4}% 32
\BOOKMARK [2][-]{subsection.4.6.1}{\376\377\000D\000e\000m\000a\000n\000d\000a\000\040\000a\000t\000e\000n\000d\000i\000d\000a}{section.4.6}% 33
\BOOKMARK [2][-]{subsection.4.6.2}{\376\377\000T\000e\000m\000p\000o\000s\000\040\000d\000e\000\040\000c\000o\000n\000s\000t\000r\000u\000\347\000\343\000o\000\040\000e\000\040\000d\000e\000\040\000r\000e\000s\000o\000l\000u\000\347\000\343\000o}{section.4.6}% 34
\BOOKMARK [2][-]{subsection.4.6.3}{\376\377\000N\000\363\000s\000\040\000e\000x\000p\000l\000o\000r\000a\000d\000o\000s}{section.4.6}% 35
\BOOKMARK [2][-]{subsection.4.6.4}{\376\377\000M\000a\000t\000r\000i\000z\000e\000s\000\040\000t\000o\000t\000a\000l\000m\000e\000n\000t\000e\000\040\000u\000n\000i\000m\000o\000d\000u\000l\000a\000r\000e\000s}{section.4.6}% 36
\BOOKMARK [0][-]{chapter.5}{\376\377\000C\000o\000n\000c\000l\000u\000s\000\365\000e\000s\000\040\000e\000\040\000t\000r\000a\000b\000a\000l\000h\000o\000s\000\040\000f\000u\000t\000u\000r\000o}{}% 37
\BOOKMARK [0][-]{chapter.6}{\376\377\0006\000\040\000\040\000\040\000R\000e\000f\000e\000r\000\352\000n\000c\000i\000a\000s}{}% 38
